
QuickBMS generic files extractor and reimporter 0.12.0 (64bit test)
by Luigi Auriemma
e-mail: me@aluigi.org
web:    aluigi.org
        (Aug 24 2022 - 10:50:22)

                          quickbms.com  Homepage
                            zenhax.com  ZenHAX Forum
                     @zenhax @quickbms  Twitter & Scripts

- GUI mode activated, remember that the tool works also from command-line
  where are available various options like folder scanning, filters and so on

- select BMS script. type ? for using the content of clipboard like a script
- select input archives/files, type * for the whole folder and subfolders
- select output folder where extracting files
- open input file C:\Users\Louis\Desktop\rabbids go home\RGH.$hd$.bik.BF
- open script C:\Users\Louis\Desktop\rabbids go home\ubisoft_lyn_bf_chunked.bms
- set output folder C:\Users\Louis\Desktop\rabbids go home\DECOMPILED\RGH.$hd$.bik.BF

  offset           filesize   filename
--------------------------------------
  000000000004a8f0 332564     1b009018.bik
  000000000009bc24 1178376    ca102062.bik
  00000000001bb74c 36051236   1b009010.bik
  000000000241d090 3742068    1b008ff7.bik
  00000000027aea24 5941424    35067ec1.bik
  0000000002d592f4 5951536    350676fd.bik
  0000000003306344 24070940   1b008b1e.bik
  00000000049fae80 80224      60001c0c.bik
  0000000004a0e800 32408      60001c0b.bik
  0000000004a166b8 21732      60001c85.bik
  0000000004a1bbbc 18772      60001c84.bik
  0000000004a20530 24856      60001c0a.bik
  0000000004a26668 27736      60001c09.bik
  0000000004a2d2e0 202776     60001c08.bik
  0000000004a5eb18 174248     60001c07.bik
  0000000004a893e0 85780      60001c83.bik
  0000000004a9e314 13680      60001c82.bik
  0000000004aa18a4 52120      60001c06.bik
  0000000004aae45c 35996      60001c05.bik
  0000000004ab7118 18952      60001c81.bik
  0000000004abbb40 12924      60001c80.bik
  0000000004abeddc 13140      60001c7f.bik
  0000000004ac2150 18336      60001c7e.bik
  0000000004ac6910 12804      60001c7d.bik
  0000000004ac9b34 12968      60001c7c.bik
  0000000004accdfc 150712     1b008a40.bik
  0000000004af1ad4 11665440   1b008fe4.bik
  0000000005611b14 13288528   1b008fe6.bik
  00000000062bdf84 12491356   1b008fe5.bik
  0000000006ea7a00 31293004   1b008fe8.bik
  0000000008c7f86c 4409352    1b0043e9.bik
  00000000090b4094 4446188    1b009017.bik
  00000000094f18a0 4413364    1b009016.bik
  0000000009927074 4442988    1b009011.bik
  0000000009d63c00 4240740    1b009013.bik
  000000000a16f184 4359508    1b008cfd.bik
  000000000a5976f8 4283276    1b009012.bik
  000000000a9ad2a4 4400776    1b008bd4.bik
  000000000addf94c 4347060    1b008d00.bik
  000000000b204e20 4172672    1b008ffe.bik
  000000000b5ff9c0 4046716    1b008fe2.bik
  000000000b9db95c 4409056    1b008cff.bik
  000000000be1005c 4262116    1b008d02.bik
  000000000c220960 4038732    1b008fff.bik
  000000000c5fa9cc 4370036    1b008bd3.bik
  000000000ca25860 4094728    1b008fe3.bik
  000000000ce0d388 4152004    1b008f16.bik
  000000000d202e6c 4543124    1b008a55.bik
  000000000d658120 4546712    1b008cfe.bik
  000000000daae1d8 4408188    1b008bd2.bik
  000000000dee2574 4118820    1b008ffd.bik
  000000000e2cfeb8 4500752    1b008bc5.bik
  000000000e71abe8 4106168    1b008bc4.bik
  000000000eb053c0 4401168    1b008a43.bik
  000000000ef37bf0 4385644    1b008bc3.bik
  000000000f36677c 4230896    1b008a42.bik
  000000000f76f68c 4523284    16102011.bik
  000000000fbbfbc0 7180864    161024c8.bik
  0000000010298e20 7796652    16101cff.bik
  0000000010a085ec 4512412    16101d4b.bik
  0000000010e560a8 4711148    161007d0.bik
  00000000112d43b4 6069396    161031d4.bik
  000000001189e068 5998944    161031d2.bik
  0000000011e569e8 5960648    161031d3.bik
  0000000012405dd0 6008232    16103617.bik
  00000000129c0b98 5930740    161031d5.bik
  0000000012f68aac 5989940    16102b1d.bik
  000000001351f100 12952336   16102b1e.bik
  0000000014179430 5965328    161027da.bik
  0000000014729a60 6064992    16101d02.bik
  0000000014cf25e0 12905824   161007c7.bik
  0000000015941360 5925472    161007c6.bik
  0000000015ee7de0 6065788    161027fa.bik
  00000000164b0c7c 5937084    161027f9.bik
  0000000016a5a458 5999980    161007ce.bik
  00000000170131e4 5952292    161007cd.bik
  00000000175c0528 6077752    161006eb.bik
  0000000017b8c280 6079932    161007cc.bik
  000000001815885c 5993912    161013d5.bik
  000000001870fe34 5913992    161007cb.bik
  0000000018cb3bdc 6008528    161007ca.bik
  000000001926eacc 5956764    161007c9.bik
  000000001981cf88 6080340    161007c8.bik

- 83 files found in 0 seconds
  coverage file 0    99%   433718647  434018012  . offset 00000000000055bc

Press ENTER or close the window to quit